src/App.tsx(1,1): error TS6133: 'React' is declared but its value is never read.
src/components/Layout.tsx(1,1): error TS6133: 'React' is declared but its value is never read.
src/screens/MoodSelection.tsx(1,8): error TS6133: 'React' is declared but its value is never read.
src/screens/Recommendation.tsx(1,8): error TS6133: 'React' is declared but its value is never read.
src/services/api.ts(18,32): error TS6133: 'userId' is declared but its value is never read.
